  Ôû▓ Next.js 14.2.35
  - Environments: .env.local

   Creating an optimized production build ...
 Ô£ô Compiled successfully
   Linting and checking validity of types ...
   Collecting page data ...
   Generating static pages (0/32) ...
   Generating static pages (8/32) 
   Generating static pages (16/32) 
   Generating static pages (24/32) 
 Ô£ô Generating static pages (32/32)
   Finalizing page optimization ...
   Collecting build traces ...

Route (app)                              Size     First Load JS
Ôöî Ôùï /                                    142 B          87.5 kB
Ôö£ Ôùï /_not-found                          876 B          88.2 kB
Ôö£ Ôùï /admin/login                         2.71 kB        98.7 kB
Ôö£ Ôùï /admin/signup                        2.75 kB        98.8 kB
Ôö£ Ôùï /check-email                         1.44 kB         225 kB
Ôö£ Ôùï /child                               8.11 kB         114 kB
Ôö£ Ôùï /child/games                         4.42 kB         106 kB
Ôö£ ãÆ /child/games/[id]                    863 B          96.9 kB
Ôö£ Ôùï /child/party-themes                  3.73 kB         114 kB
Ôö£ ãÆ /child/party-themes/[id]             3.52 kB         105 kB
Ôö£ Ôùï /child/rewards                       3.72 kB         114 kB
Ôö£ ãÆ /child/rewards/[id]                  3.24 kB         104 kB
Ôö£ Ôùï /child/settings                      2.44 kB        89.8 kB
Ôö£ Ôùï /child/shop                          3.13 kB         108 kB
Ôö£ Ôùï /child/stories                       4.26 kB         106 kB
Ôö£ ãÆ /child/stories/[id]                  863 B          96.9 kB
Ôö£ Ôùï /child/subscriptions                 3.13 kB         108 kB
Ôö£ Ôùï /forgot-password                     2.44 kB         226 kB
Ôö£ Ôùï /login                               3.56 kB         227 kB
Ôö£ Ôùï /parent                              4.27 kB         105 kB
Ôö£ Ôùï /parent/children                     4.99 kB         228 kB
Ôö£ ãÆ /parent/children/[id]                4.79 kB         228 kB
Ôö£ ãÆ /parent/children/[id]/edit           4.75 kB         228 kB
Ôö£ Ôùï /parent/children/add                 4.53 kB         228 kB
Ôö£ Ôùï /parent/party-themes                 3.45 kB         105 kB
Ôö£ ãÆ /parent/party-themes/[id]            3.12 kB         104 kB
Ôö£ Ôùï /parent/premium-shop                 3.59 kB         105 kB
Ôö£ ãÆ /parent/premium-shop/[id]            3.15 kB         104 kB
Ôö£ Ôùï /parent/premium-shop/checkout        4.24 kB         105 kB
Ôö£ Ôùï /parent/purchases                    3.65 kB        99.7 kB
Ôö£ ãÆ /parent/purchases/[id]               2.48 kB        98.5 kB
Ôö£ Ôùï /parent/purchases/add-payment        2.83 kB        98.9 kB
Ôö£ Ôùï /parent/rewards                      3.65 kB         105 kB
Ôö£ ãÆ /parent/rewards/[id]                 2.71 kB         104 kB
Ôö£ Ôùï /parent/settings                     7.88 kB         222 kB
Ôö£ Ôùï /parent/story-progress               3.93 kB         105 kB
Ôö£ ãÆ /parent/story-progress/[id]          2.82 kB         104 kB
Ôö£ Ôùï /reset-password                      2 kB             98 kB
Ôö£ Ôùï /reset-success                       178 B          96.2 kB
Ôöö Ôùï /signup                              3.33 kB         226 kB
+ First Load JS shared by all            87.3 kB
  Ôö£ chunks/2117-a0689b7972327cdf.js      31.7 kB
  Ôö£ chunks/fd9d1056-f4377bd414e8be1f.js  53.6 kB
  Ôöö other shared chunks (total)          1.96 kB


Ôùï  (Static)   prerendered as static content
ãÆ  (Dynamic)  server-rendered on demand

